=== release-check: full test suite (includes inputs-hash freshness + seed replay) ===
python3 -m pytest -v
============================= test session starts ==============================
platform linux -- Python 3.14.3, pytest-9.1.1, pluggy-1.6.0 -- /usr/local/bin/python3
cachedir: .pytest_cache
hypothesis profile 'default'
rootdir: /home/user/workspace/sarc-independent-review-r4/repo
configfile: pyproject.toml
plugins: hypothesis-6.165.5, anyio-4.14.2, ddtrace-4.13.0
collecting ... collected 180 items

test_audit_unit.py::test_audit_executed_detects_over_cap_violation PASSED [  0%]
test_audit_unit.py::test_audit_executed_detects_over_budget_violation PASSED [  1%]
test_audit_unit.py::test_audit_executed_detects_unauthorised_role_violation PASSED [  1%]
test_audit_unit.py::test_audit_executed_clean_on_compliant_decision PASSED [  2%]
test_audit_unit.py::test_audit_executed_detects_violation_in_the_exact_evidence_itself PASSED [  2%]
test_audit_unit.py::test_remediate_regate_budget_state_keys PASSED       [  3%]
test_audit_unit.py::test_single_pass_budget_state_keys PASSED            [  3%]
test_audit_unit.py::test_downroute_triggers_under_w2_tight_budget PASSED [  4%]
test_audit_unit.py::test_downroute_never_triggers_under_w1_even_with_same_tight_budget PASSED [  5%]
test_audit_unit.py::test_single_pass_w2_downroute_reflected_in_executed_action_not_verdict PASSED [  5%]
test_audit_unit.py::test_maybe_downroute_w1_is_always_a_noop PASSED      [  6%]
test_audit_unit.py::test_maybe_downroute_zero_qty_is_a_noop PASSED       [  6%]
test_audit_unit.py::test_maybe_downroute_already_feasible_is_a_noop PASSED [  7%]
test_audit_unit.py::test_maybe_downroute_cost_bound_is_the_binding_constraint PASSED [  7%]
test_audit_unit.py::test_maybe_downroute_carbon_bound_is_the_binding_constraint PASSED [  8%]
test_audit_unit.py::test_w2_evidence_substitution_and_downroute_can_both_trigger_in_order PASSED [  8%]
test_audit_unit.py::test_record_buffer_write_gives_each_event_a_distinct_id_even_when_repeated PASSED [  9%]
test_audit_unit.py::test_resolve_buffer_write_event_finds_the_most_recent_matching_write PASSED [ 10%]
test_audit_unit.py::test_seed_genesis_writes_covers_the_buffers_initial_state PASSED [ 10%]
test_audit_unit.py::test_dq_buffer_key_matches_evidence_payload_sku PASSED [ 11%]
test_audit_unit.py::test_remediate_regate_evidence_substitution_carries_provenance_fields PASSED [ 11%]
test_audit_unit.py::test_single_pass_evidence_substitution_carries_provenance_fields PASSED [ 12%]
test_audit_unit.py::test_repeated_identical_writes_stay_individually_resolvable PASSED [ 12%]
test_audit_unit.py::test_no_substitution_means_no_provenance_fields_needed PASSED [ 13%]
test_audit_unit.py::test_provenance_fields_validate_against_schema_v2 PASSED [ 13%]
test_ch5_aggregator.py::test_weighted_score_is_the_weighted_sum_of_per_gate_scores PASSED [ 14%]
test_ch5_aggregator.py::test_grid_loads_with_registered_shape PASSED     [ 15%]
test_ch5_aggregator.py::test_min_join_admits_zero_of_held_decisions_by_construction PASSED [ 15%]
test_ch5_aggregator.py::test_pure_green_veto_is_not_compensated_by_pure_green_weight PASSED [ 16%]
test_ch5_aggregator.py::test_low_weight_on_the_vetoing_gate_lets_other_scores_compensate PASSED [ 16%]
test_ch5_aggregator.py::test_no_held_decisions_means_ch5_not_supported PASSED [ 17%]
test_ch5_aggregator.py::test_ch5_supported_on_real_pooled_s1_to_s4_registered_seed PASSED [ 17%]
test_checkers.py::test_lattice_all_laws_hold PASSED                      [ 18%]
test_checkers.py::test_lattice_check_idempotence_catches_a_broken_join PASSED [ 18%]
test_checkers.py::test_lattice_check_writes_output_file PASSED           [ 19%]
test_checkers.py::test_compensation_check_held_profiles_use_the_paper_exec_held_partition PASSED [ 20%]
test_checkers.py::test_compensation_check_proposition_1_holds_exhaustively PASSED [ 20%]
test_checkers.py::test_all_vetoed_profiles_is_strict_subset_of_all_held_profiles PASSED [ 21%]
test_checkers.py::test_all_vetoed_profiles_always_contain_a_block PASSED [ 21%]
test_checkers.py::test_leave_one_out_max_matches_reviewer_counterexample PASSED [ 22%]
test_checkers.py::test_lemma_verification_agrees_on_declared_grid_and_random_probe PASSED [ 22%]
test_checkers.py::test_random_positive_weight_vectors_are_deterministic_and_strictly_positive PASSED [ 23%]
test_checkers.py::test_compensation_check_pure_green_weight_never_compensates_a_green_block PASSED [ 23%]
test_checkers.py::test_remediator_check_runs_and_reports_a_verdict PASSED [ 24%]
test_checkers.py::test_remediator_check_non_confluent_counterexample_is_reproducible PASSED [ 25%]
test_checkers.py::test_remediator_check_agreeing_orders_are_not_flagged PASSED [ 25%]
test_checkers.py::test_random_off_grid_points_are_deterministic_and_strictly_off_grid PASSED [ 26%]
test_checkers.py::test_random_off_grid_points_differ_across_seeds PASSED [ 26%]
test_checkers.py::test_off_grid_probe_reports_a_non_confluent_count PASSED [ 27%]
test_checkers.py::test_remediator_check_run_includes_off_grid_probe_block PASSED [ 27%]
test_contamination.py::test_quarantine_window_seeded_value_is_immediately_eligible PASSED [ 28%]
test_contamination.py::test_quarantine_window_single_write_not_yet_eligible PASSED [ 28%]
test_contamination.py::test_quarantine_window_becomes_eligible_after_k_consistent_writes PASSED [ 29%]
test_contamination.py::test_quarantine_window_inconsistent_write_resets_streak PASSED [ 30%]
test_contamination.py::test_quarantine_window_single_spurious_write_never_reaches_eligibility PASSED [ 30%]
test_contamination.py::test_median_of_3_no_history_returns_none PASSED   [ 31%]
test_contamination.py::test_median_of_3_seeded_single_value PASSED       [ 31%]
test_contamination.py::test_median_of_3_smooths_a_single_outlier PASSED  [ 32%]
test_contamination.py::test_median_of_3_keeps_only_last_three PASSED     [ 32%]
test_contamination.py::test_median_of_3_consecutive_poisoning_defeats_the_mitigation PASSED [ 33%]
test_contamination.py::test_no_poisoning_when_traced_write_is_clean PASSED [ 33%]
test_contamination.py::test_poisoning_when_traced_write_is_uncovered_defect PASSED [ 34%]
test_contamination.py::test_poisoning_traces_by_value_not_simply_the_most_recent_write PASSED [ 35%]
test_contamination.py::test_no_poisoning_when_mitigation_returns_the_older_clean_value PASSED [ 35%]
test_contamination.py::test_substitution_with_no_prior_write_is_not_poisoned PASSED [ 36%]
test_contamination.py::test_distinct_skus_do_not_cross_contaminate PASSED [ 36%]
test_contamination.py::test_plain_buffer_produces_at_least_one_poisoned_substitution_on_registered_seed PASSED [ 37%]
test_contamination.py::test_both_mitigations_strictly_reduce_poisoning_w1_registered_seed PASSED [ 37%]
test_contamination.py::test_both_mitigations_strictly_reduce_poisoning_w2_registered_seed PASSED [ 38%]
test_exec_evidence.py::test_serialize_evidence_record_excludes_ground_truth_includes_evidence_id PASSED [ 38%]
test_exec_evidence.py::test_run_scenario_populates_exec_evidence_for_every_admitted_decision PASSED [ 39%]
test_exec_evidence.py::test_run_scenario_exec_evidence_matches_substituted_value_when_triggered PASSED [ 40%]
test_exec_evidence.py::test_write_outputs_persists_exec_evidence_jsonl PASSED [ 40%]
test_exec_evidence.py::test_write_outputs_persists_buffer_writes_jsonl_and_substitutions_resolve_uniquely PASSED [ 41%]
test_exec_evidence.py::test_deserialize_evidence_record_round_trips_evidence_id PASSED [ 41%]
test_exec_evidence.py::test_reload_and_reaudit_matches_the_in_memory_audit PASSED [ 42%]
test_freshness.py::test_lattice_check_inputs_hash_matches_committed_artifact PASSED [ 42%]
test_freshness.py::test_compensation_check_inputs_hash_matches_committed_artifact PASSED [ 43%]
test_freshness.py::test_remediator_check_inputs_hash_matches_committed_artifact PASSED [ 43%]
test_freshness.py::test_inputs_hash_is_stable_across_reruns_at_the_same_tree_state PASSED [ 44%]
test_freshness.py::test_fresh_checker_runs_stamp_the_same_inputs_hash_the_tree_predicts PASSED [ 45%]
test_freshness.py::test_lattice_check_stamps_current_head_on_fresh_run PASSED [ 45%]
test_freshness.py::test_compensation_check_stamps_current_head_on_fresh_run PASSED [ 46%]
test_freshness.py::test_remediator_check_stamps_current_head_on_fresh_run PASSED [ 46%]
test_freshness.py::test_off_grid_probe_seed_is_the_declared_fixed_constant PASSED [ 47%]
test_freshness.py::test_off_grid_probe_result_is_identical_across_reruns PASSED [ 47%]
test_freshness.py::test_paper_off_grid_value_matches_a_fresh_checker_run PASSED [ 48%]
test_freshness.py::test_populated_paper_off_grid_metric_is_not_the_stale_140_200_value PASSED [ 48%]
test_metrics_unit.py::test_ch1_violations_sums_across_all_scenarios PASSED [ 49%]
test_metrics_unit.py::test_ch1_violations_zero_when_all_clean PASSED     [ 50%]
test_metrics_unit.py::test_ch2_no_divergence_when_responses_match PASSED [ 50%]
test_metrics_unit.py::test_ch2_admits_then_violates_direction PASSED     [ 51%]
test_metrics_unit.py::test_ch2_holds_remediated_compliant_direction PASSED [ 51%]
test_metrics_unit.py::test_ch2_no_audit_flag_means_not_admits_then_violates PASSED [ 52%]
test_metrics_unit.py::test_ch2_same_class_different_string_clean_audit_is_label_only PASSED [ 52%]
test_metrics_unit.py::test_ch2_same_class_audited_violation_counts_as_divergent_not_label_only PASSED [ 53%]
test_metrics_unit.py::test_ch3_zero_when_no_clean_authorised_inbudget_decisions PASSED [ 53%]
test_metrics_unit.py::test_ch3_rate_computed_over_clean_authorised_inbudget_population PASSED [ 54%]
test_metrics_unit.py::test_ch3_excludes_unauthorised_or_over_budget_decisions_from_population PASSED [ 55%]
test_metrics_unit.py::test_ch3_excludes_dirty_decisions_from_population PASSED [ 55%]
test_metrics_unit.py::test_ch4_matrix_rates_and_union_ok PASSED          [ 56%]
test_metrics_unit.py::test_ch4_matrix_zero_n_class_reads_all_zero_rates PASSED [ 56%]
test_metrics_unit.py::test_s4_divergent_decisions_extracts_pre_post_and_cap PASSED [ 57%]
test_metrics_unit.py::test_s4_divergent_decisions_none_when_no_substitution PASSED [ 57%]
test_metrics_unit.py::test_s4_divergent_decisions_empty_when_no_divergence PASSED [ 58%]
test_metrics_unit.py::test_build_metrics_assembles_all_required_top_level_keys PASSED [ 58%]
test_metrics_unit.py::test_build_metrics_propagates_source_sha256_unchanged_false PASSED [ 59%]
test_metrics_unit.py::test_build_metrics_ch1_violations_reflects_all_scenarios PASSED [ 60%]
test_paper_v3.py::test_known_citations_are_whitelisted PASSED            [ 60%]
test_paper_v3.py::test_unwhitelisted_arxiv_id_is_flagged PASSED          [ 61%]
test_paper_v3.py::test_unwhitelisted_doi_is_flagged PASSED               [ 61%]
test_paper_v3.py::test_cite_needed_placeholders_are_counted_not_fabricated PASSED [ 62%]
test_paper_v3.py::test_verified_citations_file_has_url_title_author_year PASSED [ 62%]
test_paper_v3.py::test_url_only_citation_is_verified_by_exact_url_match PASSED [ 63%]
test_paper_v3.py::test_unwhitelisted_url_is_flagged PASSED               [ 63%]
test_paper_v3.py::test_clean_paper_with_no_citations_at_all PASSED       [ 64%]
test_paper_v3.py::test_fmt_ci_formats_mean_and_bounds PASSED             [ 65%]
test_paper_v3.py::test_generate_v3_slots_end_to_end PASSED               [ 65%]
test_paper_v3.py::test_v3_draft_populates_with_zero_unfilled_slots PASSED [ 66%]
test_paper_v3.py::test_v3_draft_mentions_ch5_through_ch8 PASSED          [ 66%]
test_prereg.py::test_prereg_v1_tag_contains_required_definitions PASSED  [ 67%]
test_prereg.py::test_prereg_v1_tree_contains_no_results PASSED           [ 67%]
test_prereg.py::test_prereg_v1_seeds_and_weights_well_formed PASSED      [ 68%]
test_prereg.py::test_manifest_records_prereg_v1_sha PASSED               [ 68%]
test_proof_status_lint.py::test_appendix_a_proofs_file_exists_and_has_tags PASSED [ 69%]
test_proof_status_lint.py::test_every_tag_is_one_of_the_two_allowed_values PASSED [ 70%]
test_proof_status_lint.py::test_proven_is_not_an_allowed_value PASSED    [ 70%]
test_proof_status_lint.py::test_linter_catches_a_forbidden_status PASSED [ 71%]
test_proof_status_lint.py::test_linter_catches_a_typo_status PASSED      [ 71%]
test_proof_status_lint.py::test_linter_accepts_a_clean_file PASSED       [ 72%]
test_proof_status_lint.py::test_linter_catches_machine_checked_with_no_checker_or_domain PASSED [ 72%]
test_proof_status_lint.py::test_linter_catches_machine_checked_with_domain_but_no_checker PASSED [ 73%]
test_proof_status_lint.py::test_linter_accepts_machine_checked_via_structural_tautology PASSED [ 73%]
test_proof_status_lint.py::test_every_proposition_lemma_theorem_heading_has_a_following_tag PASSED [ 74%]
test_properties.py::test_join_idempotent_on_repetition PASSED            [ 75%]
test_properties.py::test_join_commutative_pairwise PASSED                [ 75%]
test_properties.py::test_join_associative PASSED                         [ 76%]
test_properties.py::test_join_monotone_hardening PASSED                  [ 76%]
test_properties.py::test_join_single_response_is_identity PASSED         [ 77%]
test_properties.py::test_join_empty_is_admit PASSED                      [ 77%]
test_properties.py::test_response_le_matches_lt_or_equal PASSED          [ 78%]
test_properties.py::test_audit_invariant_random_admitted_decisions_are_clean PASSED [ 78%]
test_properties.py::test_randomly_sampled_lines_validate_against_schema_v2 PASSED [ 79%]
test_suite_sim.py::test_1_clean_authorised_inbudget_admits_winner_none PASSED [ 80%]
test_suite_sim.py::test_2_stale_record_substitutes_admitted_phase1_recorded PASSED [ 80%]
test_suite_sim.py::test_3_schema_drift_blocks_winner_dq PASSED           [ 81%]
test_suite_sim.py::test_4_unauthorised_role_held_winner_sarc PASSED      [ 81%]
test_suite_sim.py::test_5_over_budget_vetoed_winner_green PASSED         [ 82%]
test_suite_sim.py::test_6_dirty_and_over_budget_most_restrictive_wins_both_recorded PASSED [ 82%]
test_suite_sim.py::test_7_determinism_two_s1_runs_byte_identical PASSED  [ 83%]
test_suite_sim.py::test_7b_determinism_metrics_byte_identical PASSED     [ 83%]
test_suite_sim.py::test_8_one_line_per_decision_no_ground_truth_sha_unchanged_repos_clean PASSED [ 84%]
test_suite_sim.py::test_9_s4_divergent_decisions_and_admits_then_violates PASSED [ 85%]
test_suite_sim.py::test_10_ch1_zero_remediate_regate_audit_across_all_scenarios PASSED [ 85%]
test_suite_sim.py::test_single_pass_s4_audit_finds_violations_above_zero PASSED [ 86%]
test_suite_sim.py::test_11_paper_pipeline_verbatim_and_zero_unfilled PASSED [ 86%]
test_suite_sim.py::test_Ta_no_local_defect_logic_and_real_gates_instantiated PASSED [ 87%]
test_suite_sim.py::test_Tb_per_class_detection_semantics PASSED          [ 87%]
test_suite_sim.py::test_Tb_lineage_missing_paa_flag_count_matches_injected_count PASSED [ 88%]
test_suite_sim.py::test_Tc_s1_zero_sarc_and_green_vetoes PASSED          [ 88%]
test_suite_sim.py::test_Td_audit_ch1_zero_and_single_pass_s4_above_zero PASSED [ 89%]
test_suite_sim.py::test_Te_determinism_already_covered PASSED            [ 90%]
test_suite_sim.py::test_Tf_winner_gate_none_on_clean_admits_lowercase_everywhere PASSED [ 90%]
test_suite_sim.py::test_Tg_no_ground_truth_sha_unchanged_repos_clean PASSED [ 91%]
test_suite_sim.py::test_response_restrictiveness_order PASSED            [ 91%]
test_suite_sim.py::test_imports_real_packages PASSED                     [ 92%]
test_suite_sim.py::test_manifest_versions_are_not_hardcoded PASSED       [ 92%]
test_suite_sim.py::test_apache_headers_present_on_new_files PASSED       [ 93%]
test_suite_sim.py::test_metrics_top_level_keys_exact PASSED              [ 93%]
test_sweep_replay.py::test_seed_replay_is_byte_identical[26313] PASSED   [ 94%]
test_sweep_replay.py::test_seed_replay_is_byte_identical[1028331701] PASSED [ 95%]
test_sweep_replay.py::test_seed_1028331701_poisoned_mean_abs_value_delta_is_stable PASSED [ 95%]
test_sweep_replay.py::test_seed_1028331701_fresh_run_matches_committed_artifact PASSED [ 96%]
test_sweep_stats.py::test_load_seeds_matches_registered_count_and_first_seed PASSED [ 96%]
test_sweep_stats.py::test_mean_ci95_empty_is_all_zero PASSED             [ 97%]
test_sweep_stats.py::test_mean_ci95_single_value_is_a_degenerate_point_interval PASSED [ 97%]
test_sweep_stats.py::test_mean_ci95_constant_values_have_zero_width_interval PASSED [ 98%]
test_sweep_stats.py::test_mean_ci95_interval_is_symmetric_around_the_mean PASSED [ 98%]
test_sweep_stats.py::test_mean_ci95_wider_spread_gives_wider_interval PASSED [ 99%]
test_sweep_stats.py::test_t_crit_df29_matches_scipy_exactly PASSED       [100%]

======================= 180 passed in 120.20s (0:02:00) ========================
=== release-check: formal double-run byte identity ===
rm -rf /tmp/sarc-release-check-formal-1 /tmp/sarc-release-check-formal-2
mkdir -p /tmp/sarc-release-check-formal-1 /tmp/sarc-release-check-formal-2
make formal
make[1]: Entering directory '/home/user/workspace/sarc-independent-review-r4/repo'
V2 gate: exhaustive checkers (lattice, compensation/CH5, remediator/CH7)...
python3 -m checkers.lattice_check
{
  "max_k": 4,
  "response_count": 5,
  "laws": [
    {
      "law": "idempotence",
      "holds": true,
      "checked": 20
    },
    {
      "law": "commutativity",
      "holds": true,
      "checked": 15800
    },
    {
      "law": "associativity",
      "holds": true,
      "checked": 125
    },
    {
      "law": "monotone_hardening",
      "holds": true,
      "checked": 775
    },
    {
      "law": "duplication_invariance",
      "holds": true,
      "checked": 430
    },
    {
      "law": "empty_join_is_admit",
      "holds": true,
      "checked": 1
    }
  ],
  "all_hold": true,
  "total_checks": 17151,
  "generated_at_head_sha": "75e050ca9a2246849b5b82b06e0ba9201afeae80",
  "inputs_hash": "ef17526509da3d0ff26ae9c34b50d213227cc480f69a90c976b83df7ef662f54"
}
python3 -m checkers.compensation_check
{
  "discrete_state_space_size": 125,
  "held_profiles_count": 98,
  "grid_cells_checked": 264,
  "max_violations": 48,
  "max_violation_cell": {
    "weights": {
      "dq": 0.0,
      "sarc": 0.0,
      "green": 1.0
    },
    "threshold": 0.5
  },
  "witness_profile": {
    "dq": "admit",
    "sarc": "escalate",
    "green": "admit"
  },
  "proposition_1_holds_exhaustively": true,
  "generated_at_head_sha": "75e050ca9a2246849b5b82b06e0ba9201afeae80",
  "inputs_hash": "ae395aba5633365aee56a5b7003ad22631ec0eb013386c4c5dcf86840dc9a6ae",
  "lemma_verification": {
    "head_sha": "75e050ca9a2246849b5b82b06e0ba9201afeae80",
    "vetoed_profiles_count": 61,
    "n_random_probes": 200,
    "declared_grid": {
      "label": "declared_grid",
      "checked": 264,
      "mismatches": [],
      "all_agree": true
    },
    "head_derived_random_probe": {
      "label": "head_derived_random_probe",
      "checked": 800,
      "mismatches": [],
      "all_agree": true
    },
    "total_checked": 1064,
    "lemma_holds_on_all_checked_cases": true
  }
}
python3 -m checkers.remediator_check
{
  "grid_points_checked": 243,
  "confluent": false,
  "counterexample_count": 86,
  "ch7_registered_outcome": "non_confluent",
  "sample_counterexample": {
    "qty": 10.0,
    "corrupted_unit_cost": 5.0,
    "governed_unit_cost": 10.0,
    "cost_budget": 60.0,
    "carbon_budget": 10.0,
    "order_a_substitute_then_downroute": {
      "qty": 5.0,
      "order_value": 50.0
    },
    "order_b_downroute_then_substitute": {
      "qty": 10.0,
      "order_value": 100.0
    }
  },
  "generated_at_head_sha": "75e050ca9a2246849b5b82b06e0ba9201afeae80",
  "inputs_hash": "1496570e6dbedb2446f9735cd8131dd15224ea0cdda2b414c954293eef4b0f5e",
  "off_grid_probe": {
    "seed": 26313,
    "seed_source": "prereg/probe-seeds.json (fixed, commit-stable -- round-two review finding R2-N1)",
    "n_probes": 200,
    "non_confluent_count": 150,
    "confluent_count": 50,
    "sample_non_confluent": {
      "qty": 51.49826720274343,
      "corrupted_unit_cost": 18.56825345753959,
      "governed_unit_cost": 17.69712860789935,
      "cost_budget": 605.0589352856848,
      "carbon_budget": 151.56992197533145,
      "order_a_substitute_then_downroute": {
        "qty": 28.491389229079445,
        "order_value": 504.2157794047373
      },
      "order_b_downroute_then_substitute": {
        "qty": 27.154723009233905,
        "order_value": 480.5606254062961
      }
    },
    "attribution": "Promoted per independent review, review/REVIEW.md Section 5 (\"144/200 HEAD-derived off-grid points were non-confluent\"); this artifact's own rerun uses a fixed declared seed (not HEAD-derived, since round two) and will not in general reproduce that exact count, but tests the same class of continuous off-grid points and is stable across commits."
  },
  "note": "non-confluent: at least one concrete instance exists where substitute-then-downroute and downroute-then-substitute reach different final actions. This is the formal justification for prereg/w2-workflow.md's fixed ordering (evidence gate first, then resource gate) rather than leaving the order unspecified. The off-grid probe (see off_grid_probe) strengthens this result beyond the pre-registered grid, per the independent review."
}
python3 -m checkers.proof_status_lint
{
  "files": [
    {
      "path": "appendix-a-proofs.md",
      "tag_count": 11,
      "tags": [
        "pending-human-review",
        "machine-checked",
        "machine-checked",
        "checked-scope-only",
        "checked-scope-only",
        "checked-scope-only",
        "checked-scope-only",
        "machine-checked",
        "checked-scope-only",
        "machine-checked",
        "machine-checked"
      ],
      "forbidden_values_found": [],
      "machine_checked_scope_violations": [],
      "clean": true
    }
  ],
  "total_tags": 11,
  "all_clean": true
}
See appendix-a-proofs.md for the proofs these checkers verify.
make[1]: Leaving directory '/home/user/workspace/sarc-independent-review-r4/repo'
cp out/checkers/*.json /tmp/sarc-release-check-formal-1/
make formal
make[1]: Entering directory '/home/user/workspace/sarc-independent-review-r4/repo'
V2 gate: exhaustive checkers (lattice, compensation/CH5, remediator/CH7)...
python3 -m checkers.lattice_check
{
  "max_k": 4,
  "response_count": 5,
  "laws": [
    {
      "law": "idempotence",
      "holds": true,
      "checked": 20
    },
    {
      "law": "commutativity",
      "holds": true,
      "checked": 15800
    },
    {
      "law": "associativity",
      "holds": true,
      "checked": 125
    },
    {
      "law": "monotone_hardening",
      "holds": true,
      "checked": 775
    },
    {
      "law": "duplication_invariance",
      "holds": true,
      "checked": 430
    },
    {
      "law": "empty_join_is_admit",
      "holds": true,
      "checked": 1
    }
  ],
  "all_hold": true,
  "total_checks": 17151,
  "generated_at_head_sha": "75e050ca9a2246849b5b82b06e0ba9201afeae80",
  "inputs_hash": "ef17526509da3d0ff26ae9c34b50d213227cc480f69a90c976b83df7ef662f54"
}
python3 -m checkers.compensation_check
{
  "discrete_state_space_size": 125,
  "held_profiles_count": 98,
  "grid_cells_checked": 264,
  "max_violations": 48,
  "max_violation_cell": {
    "weights": {
      "dq": 0.0,
      "sarc": 0.0,
      "green": 1.0
    },
    "threshold": 0.5
  },
  "witness_profile": {
    "dq": "admit",
    "sarc": "escalate",
    "green": "admit"
  },
  "proposition_1_holds_exhaustively": true,
  "generated_at_head_sha": "75e050ca9a2246849b5b82b06e0ba9201afeae80",
  "inputs_hash": "ae395aba5633365aee56a5b7003ad22631ec0eb013386c4c5dcf86840dc9a6ae",
  "lemma_verification": {
    "head_sha": "75e050ca9a2246849b5b82b06e0ba9201afeae80",
    "vetoed_profiles_count": 61,
    "n_random_probes": 200,
    "declared_grid": {
      "label": "declared_grid",
      "checked": 264,
      "mismatches": [],
      "all_agree": true
    },
    "head_derived_random_probe": {
      "label": "head_derived_random_probe",
      "checked": 800,
      "mismatches": [],
      "all_agree": true
    },
    "total_checked": 1064,
    "lemma_holds_on_all_checked_cases": true
  }
}
python3 -m checkers.remediator_check
{
  "grid_points_checked": 243,
  "confluent": false,
  "counterexample_count": 86,
  "ch7_registered_outcome": "non_confluent",
  "sample_counterexample": {
    "qty": 10.0,
    "corrupted_unit_cost": 5.0,
    "governed_unit_cost": 10.0,
    "cost_budget": 60.0,
    "carbon_budget": 10.0,
    "order_a_substitute_then_downroute": {
      "qty": 5.0,
      "order_value": 50.0
    },
    "order_b_downroute_then_substitute": {
      "qty": 10.0,
      "order_value": 100.0
    }
  },
  "generated_at_head_sha": "75e050ca9a2246849b5b82b06e0ba9201afeae80",
  "inputs_hash": "1496570e6dbedb2446f9735cd8131dd15224ea0cdda2b414c954293eef4b0f5e",
  "off_grid_probe": {
    "seed": 26313,
    "seed_source": "prereg/probe-seeds.json (fixed, commit-stable -- round-two review finding R2-N1)",
    "n_probes": 200,
    "non_confluent_count": 150,
    "confluent_count": 50,
    "sample_non_confluent": {
      "qty": 51.49826720274343,
      "corrupted_unit_cost": 18.56825345753959,
      "governed_unit_cost": 17.69712860789935,
      "cost_budget": 605.0589352856848,
      "carbon_budget": 151.56992197533145,
      "order_a_substitute_then_downroute": {
        "qty": 28.491389229079445,
        "order_value": 504.2157794047373
      },
      "order_b_downroute_then_substitute": {
        "qty": 27.154723009233905,
        "order_value": 480.5606254062961
      }
    },
    "attribution": "Promoted per independent review, review/REVIEW.md Section 5 (\"144/200 HEAD-derived off-grid points were non-confluent\"); this artifact's own rerun uses a fixed declared seed (not HEAD-derived, since round two) and will not in general reproduce that exact count, but tests the same class of continuous off-grid points and is stable across commits."
  },
  "note": "non-confluent: at least one concrete instance exists where substitute-then-downroute and downroute-then-substitute reach different final actions. This is the formal justification for prereg/w2-workflow.md's fixed ordering (evidence gate first, then resource gate) rather than leaving the order unspecified. The off-grid probe (see off_grid_probe) strengthens this result beyond the pre-registered grid, per the independent review."
}
python3 -m checkers.proof_status_lint
{
  "files": [
    {
      "path": "appendix-a-proofs.md",
      "tag_count": 11,
      "tags": [
        "pending-human-review",
        "machine-checked",
        "machine-checked",
        "checked-scope-only",
        "checked-scope-only",
        "checked-scope-only",
        "checked-scope-only",
        "machine-checked",
        "checked-scope-only",
        "machine-checked",
        "machine-checked"
      ],
      "forbidden_values_found": [],
      "machine_checked_scope_violations": [],
      "clean": true
    }
  ],
  "total_tags": 11,
  "all_clean": true
}
See appendix-a-proofs.md for the proofs these checkers verify.
make[1]: Leaving directory '/home/user/workspace/sarc-independent-review-r4/repo'
cp out/checkers/*.json /tmp/sarc-release-check-formal-2/
diff -rq /tmp/sarc-release-check-formal-1 /tmp/sarc-release-check-formal-2
formal double-run byte-identical: OK
=== release-check: arXiv build gate ===
make arxiv
make[1]: Entering directory '/home/user/workspace/sarc-independent-review-r4/repo'
Regenerating paper-tex/refs.bib from verified-citations.json...
cd paper-tex && python3 generate_refs_bib.py
wrote /home/user/workspace/sarc-independent-review-r4/repo/paper-tex/refs.bib (10 entries)
latexmk not found -- skipping the supported-alternative toolchain check (Tectonic, canonical, is checked next regardless).
Building main.tex + running parity gates G1-G6 under Tectonic (canonical toolchain)...
cd paper-tex && SARC_LATEX_COMPILER=tectonic python3 gates/run_gates.py
{
  "all_pass": true,
  "gates": {
    "G1_build": {
      "builds": [
        {
          "errors": [],
          "exit_code": 0,
          "file_list": [
            "main.pdf",
            "main.tex"
          ],
          "overfull_hbox_above_10pt": [],
          "page_count": 19,
          "pdf_produced": true,
          "undefined_citations": [],
          "undefined_references": []
        },
        {
          "errors": [],
          "exit_code": 0,
          "file_list": [
            "main.pdf",
            "main.tex"
          ],
          "overfull_hbox_above_10pt": [],
          "page_count": 19,
          "pdf_produced": true,
          "undefined_citations": [],
          "undefined_references": []
        }
      ],
      "compiler": "tectonic",
      "errors": [],
      "exit_code_zero": true,
      "file_list": [
        "main.pdf",
        "main.tex"
      ],
      "overfull_hbox_above_10pt": [],
      "page_count": 19,
      "pass": true,
      "pdf_produced": true,
      "two_build_identical": true,
      "undefined_citations": [],
      "undefined_references": []
    },
    "G2_token_purity": {
      "forbidden_token_counts": {
        "**": 0,
        "[CITE": 0,
        "[GENERATED": 0,
        "```": 0
      },
      "pass": true
    },
    "G3_number_parity": {
      "exceptions_applied": [
        {
          "count": 1,
          "matched": true,
          "side": "missing_from_pdf",
          "token": "31"
        },
        {
          "count": 1,
          "matched": true,
          "side": "missing_from_pdf",
          "token": "2"
        },
        {
          "count": 1,
          "matched": true,
          "side": "added_in_pdf",
          "token": "231"
        }
      ],
      "pass": true,
      "post_exception_diff": {
        "added_in_pdf": {},
        "missing_from_pdf": {}
      },
      "post_exception_totals": {
        "md_number_token_count": 689,
        "pdf_number_token_count": 689
      },
      "raw_diff": {
        "added_in_pdf": {
          "231": 1
        },
        "missing_from_pdf": {
          "2": 1,
          "31": 1
        }
      },
      "raw_totals": {
        "md_number_token_count": 689,
        "pdf_number_token_count": 688
      },
      "required_values_present": {
        "150": true,
        "200": true,
        "243": true,
        "86": true
      },
      "tag_counts": {
        "checked-scope-only": {
          "equal": true,
          "pdf_count": 26,
          "source_count": 26,
          "task_stated_count": 26
        },
        "machine-checked": {
          "equal": true,
          "pdf_count": 21,
          "source_count": 21,
          "task_stated_count": 21
        },
        "pending-human-review": {
          "equal": true,
          "pdf_count": 7,
          "source_count": 7,
          "task_stated_count": 7
        }
      }
    },
    "G4_prose_parity": {
      "pass": true,
      "repo_head": "75e050ca9a2246849b5b82b06e0ba9201afeae80",
      "sections": {
        "1. Introduction": {
          "md_words": 462,
          "pct_diff": 0.0,
          "pdf_words": 462,
          "within_2pct": true
        },
        "10. Related work": {
          "md_words": 400,
          "pct_diff": 0.25,
          "pdf_words": 401,
          "within_2pct": true
        },
        "11. Limitations": {
          "md_words": 150,
          "pct_diff": 0.0,
          "pdf_words": 150,
          "within_2pct": true
        },
        "12. Validation note": {
          "md_words": 134,
          "pct_diff": 0.0,
          "pdf_words": 134,
          "within_2pct": true
        },
        "2. Setting and definitions": {
          "md_words": 223,
          "pct_diff": 1.345,
          "pdf_words": 226,
          "within_2pct": true
        },
        "3. Compensation admits vetoed actions": {
          "md_words": 351,
          "pct_diff": 0.57,
          "pdf_words": 353,
          "within_2pct": true
        },
        "4. Order invariance without remediation": {
          "md_words": 50,
          "pct_diff": 0.0,
          "pdf_words": 50,
          "within_2pct": true
        },
        "5. The remediation interaction: two operators, one order": {
          "md_words": 729,
          "pct_diff": 0.412,
          "pdf_words": 732,
          "within_2pct": true
        },
        "6. Buffer poisoning: a governed value is only as good as its last admit": {
          "md_words": 320,
          "pct_diff": 0.0,
          "pdf_words": 320,
          "within_2pct": true
        },
        "7. The unified Evidence Set": {
          "md_words": 317,
          "pct_diff": 0.0,
          "pdf_words": 317,
          "within_2pct": true
        },
        "8. Pre-registered empirical protocol": {
          "md_words": 1007,
          "pct_diff": 1.192,
          "pdf_words": 995,
          "within_2pct": true
        },
        "9. Claims to evidence": {
          "md_words": 351,
          "pct_diff": 0.57,
          "pdf_words": 353,
          "within_2pct": true
        },
        "Appendix A. Proofs": {
          "md_words": 4989,
          "pct_diff": 0.301,
          "pdf_words": 5004,
          "within_2pct": true
        },
        "Appendix B. Artifact manifest": {
          "md_words": 43,
          "pct_diff": 0.0,
          "pdf_words": 43,
          "within_2pct": true
        },
        "Appendix C. Statistical methodology (V3 gate)": {
          "md_words": 174,
          "pct_diff": 0.575,
          "pdf_words": 175,
          "within_2pct": true
        }
      },
      "sentence_sample": [
        {
          "found": true,
          "index": 1,
          "sentence": "Gaston Besanson (sole author at draft time; co-author or credited independent reviewer slot open)"
        },
        {
          "found": true,
          "index": 2,
          "sentence": "Companion artifact: suite-demo (open data, deterministic, Apache 2.0)."
        },
        {
          "found": true,
          "index": 6,
          "sentence": "Deployed systems need all three simultaneously, yet the composition question is untreated: what verdict should the plane"
        },
        {
          "found": true,
          "index": 38,
          "sentence": "Full proof (a structural tautology, machine-verified across every swept seed) in Appendix A."
        },
        {
          "found": true,
          "index": 40,
          "sentence": "Every definition used below (hypotheses, seeds, weights, the W2 workflow, the contamination metric and mitigations, the "
        },
        {
          "found": true,
          "index": 49,
          "sentence": "Budget governors for autonomous systems: the resource gate's predictive cost/carbon budgeting is one instance of the bro"
        },
        {
          "found": true,
          "index": 67,
          "sentence": "Let the evidence gate substitute a corrupted unit cost v0 for the governed value v', v0 != v'."
        },
        {
          "found": true,
          "index": 68,
          "sentence": "Single-pass evaluates the authority gate against the ORIGINAL order value qty * v0 (Definition 3's c(a), not c(rho(a))),"
        },
        {
          "found": true,
          "index": 72,
          "sentence": "If the authority and resource gates are invariant under rho (the remediation map) on the executed-reachable action set, "
        },
        {
          "found": true,
          "index": 80,
          "sentence": "The composed plane's detected class set equals the union of member gates' detected class sets; composition never detects"
        }
      ]
    },
    "G5_structure_parity": {
      "counts": {
        "footnotes": {
          "equal": true,
          "source": 0,
          "tex": 0
        },
        "sections": {
          "equal": true,
          "source": 15,
          "tex": 15
        },
        "tables": {
          "equal": true,
          "source": 8,
          "tex": 8
        },
        "theorem_environments": {
          "equal": true,
          "source": 13,
          "tex": 13
        }
      },
      "pass": true
    },
    "G6_disclosure_and_banners": {
      "disclosure_first_sentence_present": true,
      "disclosure_last_sentence_present": true,
      "honesty_banners_present": {
        "Negative-results commitment. Any CH not supported ": true,
        "Scope honesty. This paper claims composition seman": true
      },
      "pass": true
    }
  }
}

G1_build: PASS
G2_token_purity: PASS
G3_number_parity: PASS
G4_prose_parity: PASS
G5_structure_parity: PASS
G6_disclosure_and_banners: PASS

ALL GATES PASS
Packaging arxiv.tar.gz (main.tex, refs.bib)...
cd paper-tex && rm -f arxiv.tar.gz && tar --sort=name --mtime='UTC 2026-01-01' \
	--owner=0 --group=0 --numeric-owner \
	-cf arxiv.tar.gz main.tex refs.bib
arxiv.tar.gz written to paper-tex/arxiv.tar.gz
make[1]: Leaving directory '/home/user/workspace/sarc-independent-review-r4/repo'

release-check: ALL CHECKS PASS
